<!--
This file is part of Volantis Mobility Server. 

Volantis Mobility Server is free software: you can redistribute it and/or modify
it under the terms of the GNU General Public License as published by
the Free Software Foundation, either version 3 of the License, or
(at your option) any later version.

Volantis Mobility Server is distributed in the hope that it will be useful,
but WITHOUT ANY WARRANTY; without even the implied warranty of
MERCHANTABILITY or FITNESS FOR A PARTICULAR PURPOSE.  See the
GNU General Public License for more details.

You should have received a copy of the GNU General Public License
along with Volantis Mobility Server.  If not, see <http://www.gnu.org/licenses/>. 
-->
<ns:a xmlns:ns="http://abc.com">
    <ns:b>
        <ns:c testAttribute="test"></ns:c>
        <ns:d>Hello</ns:d>
    </ns:b>
</ns:a>
<!--
 ===========================================================================
 Change History
 ===========================================================================
 $Log$

 01-Apr-05	6798/1	doug	VBM:2005012605 Added SerializeProcess to the Pipeline

 ===========================================================================
-->
