<?xml version="1.0" encoding="ISO-8859-1"?>
<!--
This file is part of Volantis Mobility Server. 

Volantis Mobility Server is free software: you can redistribute it and/or modify
it under the terms of the GNU General Public License as published by
the Free Software Foundation, either version 3 of the License, or
(at your option) any later version.

Volantis Mobility Server is distributed in the hope that it will be useful,
but WITHOUT ANY WARRANTY; without even the implied warranty of
MERCHANTABILITY or FITNESS FOR A PARTICULAR PURPOSE.  See the
GNU General Public License for more details.

You should have received a copy of the GNU General Public License
along with Volantis Mobility Server.  If not, see <http://www.gnu.org/licenses/>. 
-->

<!--===========================================================================
 ! (c) Volantis Systems Ltd 2002. 
 ! =========================================================================-->
<root xmlns:pipeline="http://www.volantis.com/xmlns/marlin-pipeline"><a href="pics/pic1.jpg"></a><a href="pics/pic2.jpg"></a><a href="http://myserver.com/pic3.jpg"></a><a href="pics/pic4.jpg"></a></root>
<!--
 ===========================================================================
 Change History
 ===========================================================================
 $Log$

 20-Oct-04	5438/1	philws	VBM:2004082706 Transfer Pipeline source into MCS

 31-Mar-04	656/1	adrian	VBM:2004031602 Updated pipeline with DSB enhancement requests

 30-Mar-04	653/1	adrian	VBM:2004033005 Updated AbsoluteToRelativeURL process to use PS updated for DSB

 31-Jan-04	533/1	adrian	VBM:2004011906 updated AbsoluteToRelativeURL process to resolve against the base url in the pipeline context

 08-Aug-03	308/1	byron	VBM:2003080507 Provide ConvertAbsoluteToRelativeURL pipeline process

 ===========================================================================
-->
