<!--
This file is part of Volantis Mobility Server. 

Volantis Mobility Server is free software: you can redistribute it and/or modify
it under the terms of the GNU General Public License as published by
the Free Software Foundation, either version 3 of the License, or
(at your option) any later version.

Volantis Mobility Server is distributed in the hope that it will be useful,
but WITHOUT ANY WARRANTY; without even the implied warranty of
MERCHANTABILITY or FITNESS FOR A PARTICULAR PURPOSE.  See the
GNU General Public License for more details.

You should have received a copy of the GNU General Public License
along with Volantis Mobility Server.  If not, see <http://www.gnu.org/licenses/>. 
-->
<canvas layoutName="error">
    <pane name="error">
        Start of portlet--------
        <br></br>
        <table cols="2">
            <tr>
                <td colspan="2">
                    <img url="http://images.neural.com/sites/ibm../images/dot.gif" alt=""></img>
                </td>
            </tr>

            <tr>
                <td>
                    <img url="http://images.neural.com/sites/ibm../images/dot.gif" alt=""></img>
                </td>
                <td valign="middle">
                    <span>Tuesday, October 28, 2003 9:19:00 AM GMT</span>
                </td>
            </tr>

            <tr>
                <td colspan="2">
                    <img url="http://images.neural.com/sites/ibm../images/dot.gif" alt=""></img>
                </td>
            </tr>
        </table>

        <table cols="3">
            <tr>
                <td align="center" bgcolor="" rowspan="2" valign="middle">
                    <img url="http://images.neural.com/Weather/Icons//iconset4_08.jpg" alt="Overcast"></img>
                </td>
                <td bgcolor="" nowrap="nowrap" valign="bottom">
                    <img url="http://images.neural.com/sites/ibm../images/dot.gif" alt=""></img>
                    <b>
                        <a href="javascript:PC_7_0_73_postLookup('EGLL')">London, United Kingdom</a>
                    </b>
                </td>
                <td bgcolor="" valign="bottom">10
                    <b>12</b>
                </td>
            </tr>

            <tr>
                <td bgcolor="" valign="top">12
                    <img url="http://images.neural.com/sites/ibm../images/dot.gif" alt=""></img>Overcast
                </td>
                <td bgcolor="" valign="top">77</td>
            </tr>

            <tr>
                <td></td>
            </tr>

            <tr>
                <td align="center" bgcolor="" rowspan="2" valign="middle">
                    <img url="http://images.neural.com/Weather/Icons//iconset4_01.jpg" alt="Sunny"></img>
                </td>
                <td bgcolor="" nowrap="nowrap" valign="bottom">
                    <img url="http://images.neural.com/sites/ibm../images/dot.gif" alt=""></img>
                    <b>
                        <a href="javascript:PC_7_0_73_postLookup('NYC')">New York, New York</a>
                    </b>
                </td>
                <td bgcolor="" valign="bottom">99
                    <b>55</b>
                </td>
            </tr>

            <tr>
                <td bgcolor="" valign="top">99
                    <img url="http://images.neural.com/sites/ibm../images/dot.gif" alt=""></img>Sunny
                </td>
                <td bgcolor="" valign="top">77</td>
            </tr>

            <tr>
                <td></td>
            </tr>

            <tr>
                <td align="center" bgcolor="" rowspan="2" valign="middle">
                    <img url="http://images.neural.com/Weather/Icons//iconset4_08.jpg" alt="Overcast"></img>
                </td>
                <td bgcolor="" nowrap="nowrap" valign="bottom">
                    <img url="http://images.neural.com/sites/ibm../images/dot.gif" alt=""></img>
                    <b>
                        <a href="javascript:PC_7_0_73_postLookup('RDU')">Raleigh, North Carolina</a>
                    </b>
                </td>
                <td bgcolor="" valign="bottom">88
                    <b>11</b>
                </td>
            </tr>

            <tr>
                <td bgcolor="" valign="top">11
                    <img url="http://images.neural.com/sites/ibm../images/dot.gif" alt=""></img>Overcast
                </td>
                <td bgcolor="" valign="top">44</td>
            </tr>

            <tr>
                <td></td>
            </tr>

            <tr>
                <td align="center" bgcolor="" rowspan="2" valign="middle">
                    <img url="http://images.neural.com/Weather/Icons//iconset4_01.jpg" alt="Sunny"></img>
                </td>
                <td bgcolor="" nowrap="nowrap" valign="bottom">
                    <img url="http://images.neural.com/sites/ibm../images/dot.gif" alt=""></img>
                    <b>
                        <a href="javascript:PC_7_0_73_postLookup('ET23')">Stuttgart, Germany</a>
                    </b>
                </td>
                <td bgcolor="" valign="bottom">52
                    <b>32</b>
                </td>
            </tr>

            <tr>
                <td bgcolor="" valign="top">83
                    <img url="http://images.neural.com/sites/ibm../images/dot.gif" alt=""></img>Sunny
                </td>
                <td bgcolor="" valign="top">63</td>
            </tr>

            <tr>
                <td></td>
            </tr>

            <tr>
                <td align="center" bgcolor="" rowspan="2" valign="middle">
                    <img url="http://images.neural.com/Weather/Icons//iconset4_01.jpg" alt="Sunny"></img>
                </td>
                <td bgcolor="" nowrap="nowrap" valign="bottom">
                    <img url="http://images.neural.com/sites/ibm../images/dot.gif" alt=""></img>
                    <b>
                        <a href="javascript:PC_7_0_73_postLookup('ZBAA')">Beijing (Peking), China</a>
                    </b>
                </td>
                <td bgcolor="" valign="bottom">898
                    <b>17</b>
                </td>
            </tr>

            <tr>
                <td bgcolor="" valign="top">53
                    <img url="http://images.neural.com/sites/ibm../images/dot.gif" alt=""></img>Sunny
                </td>
                <td bgcolor="" valign="top">837</td>
            </tr>

            <tr>
                <td></td>
            </tr>

            <tr>
                <td align="center" bgcolor="" rowspan="2" valign="middle">
                    <img url="http://images.neural.com/Weather/Icons//iconset4_18.jpg" alt="RainShower"></img>
                </td>
                <td bgcolor="" nowrap="nowrap" valign="bottom">
                    <img url="http://images.neural.com/sites/ibm../images/dot.gif" alt=""></img>
                    <b>
                        <a href="javascript:PC_7_0_73_postLookup('RJTD')">Tokyo, Japan</a>
                    </b>
                </td>
                <td bgcolor="" valign="bottom">323
                    <b>8729</b>
                </td>
            </tr>

            <tr>
                <td bgcolor="" valign="top">3432
                    <img url="http://images.neural.com/sites/ibm../images/dot.gif" alt=""></img>RainShower
                </td>
                <td bgcolor="" valign="top">98938</td>
            </tr>

            <tr>
                <td></td>
            </tr>

            <tr>
                <td align="center" bgcolor="" rowspan="2" valign="middle">
                    <img url="http://images.neural.com/Weather/Icons//iconset4_03.jpg" alt="Partly Sunny"></img>
                </td>
                <td bgcolor="" nowrap="nowrap" valign="bottom">
                    <img url="http://images.neural.com/sites/ibm../images/dot.gif" alt=""></img>
                    <b>
                        <a href="javascript:PC_7_0_73_postLookup('IOW')">Iowa City, Iowa</a>
                    </b>
                </td>
                <td bgcolor="" valign="bottom">73
                    <b>121</b>
                </td>
            </tr>

            <tr>
                <td bgcolor="" valign="top">123
                    <img url="http://images.neural.com/sites/ibm../images/dot.gif" alt=""></img>Partly Sunny
                </td>
                <td bgcolor="" valign="top">393</td>
            </tr>

            <tr>
                <td></td>
            </tr>

            <tr>
                <td align="center" bgcolor="" rowspan="2" valign="middle">
                    <img url="http://images.neural.com/Weather/Icons//iconset4_08.jpg" alt="Overcast"></img>
                </td>
                <td bgcolor="" nowrap="nowrap" valign="bottom">
                    <img url="http://images.neural.com/sites/ibm../images/dot.gif" alt=""></img>
                    <b>
                        <a href="javascript:PC_7_0_73_postLookup('LAX')">Los Angeles, California</a>
                    </b>
                </td>
                <td bgcolor="" valign="bottom">343
                    <b>172</b>
                </td>
            </tr>

            <tr>
                <td bgcolor="" valign="top">323
                    <img url="http://images.neural.com/sites/ibm../images/dot.gif" alt=""></img>Overcast
                </td>
                <td bgcolor="" valign="top">343</td>
            </tr>

            <tr>
                <td></td>
            </tr>

            <tr>
                <td align="center" bgcolor="" rowspan="2" valign="middle">
                    <img url="http://images.neural.com/Weather/Icons//iconset4_18.jpg" alt="RainShower"></img>
                </td>
                <td bgcolor="" nowrap="nowrap" valign="bottom">
                    <img url="http://images.neural.com/sites/ibm../images/dot.gif" alt=""></img>
                    <b>
                        <a href="javascript:PC_7_0_73_postLookup('ORD')">Chicago, Illinois</a>
                    </b>
                </td>
                <td bgcolor="" valign="bottom">12
                    <b>43</b>
                </td>
            </tr>

            <tr>
                <td bgcolor="" valign="top">23
                    <img url="http://images.neural.com/sites/ibm../images/dot.gif" alt=""></img>RainShower
                </td>
                <td bgcolor="" valign="top">32</td>
            </tr>

            <tr>
                <td></td>
            </tr>
        </table>

        <br></br>
        <table cols="3">
            <tr>
                <td>
                    <img url="http://images.neural.com/sites/ibm../images/dot.gif" alt=""></img>
                </td>
                <td align="center" valign="middle" width="25">
                    <img url="http://images.neural.com/sites/ibm/logo.gif" alt="Pinnacor Inc."></img>
                </td>
                <td valign="middle">Copyright 2003 Pinnacor Inc.</td>
            </tr>
        </table>
        <br></br>
        End of portlet--------
    </pane>
</canvas>
<!--
 ===========================================================================
 Change History
 ===========================================================================
 $Log$

 20-Oct-04	5438/1	philws	VBM:2004082706 Transfer Pipeline source into MCS

 31-Oct-03	440/1	doug	VBM:2003102911 Added Flow control process to tail of all pipelines

 ===========================================================================
-->
