<!--
This file is part of Volantis Mobility Server. 

Volantis Mobility Server is free software: you can redistribute it and/or modify
it under the terms of the GNU General Public License as published by
the Free Software Foundation, either version 3 of the License, or
(at your option) any later version.

Volantis Mobility Server is distributed in the hope that it will be useful,
but WITHOUT ANY WARRANTY; without even the implied warranty of
MERCHANTABILITY or FITNESS FOR A PARTICULAR PURPOSE.  See the
GNU General Public License for more details.

You should have received a copy of the GNU General Public License
along with Volantis Mobility Server.  If not, see <http://www.gnu.org/licenses/>. 
-->
<html>
    <head xml:base="http://www.volantis.com/head">
        <title xml:base="http://www.volantis.com/title">The title</title>
    </head>
    <body>
        <h2>A Heading</h2>
        <p xml:base="http://www.volantis.com/paragraph">A paragraph</p>
        <br/>
        <a href="http://www.volantis.com">Volantis</a>
    </body>
</html>
<!--
 ===========================================================================
 Change History
 ===========================================================================
 $Log$

 20-Oct-04	5438/1	philws	VBM:2004082706 Transfer Pipeline source into MCS

 30-Jan-04	531/1	adrian	VBM:2004011905 added context updating and context annotation support to pipeline processes

 20-Jan-04	527/1	adrian	VBM:2004011903 Added ContextAnnotationProcess and supporting classes

 ===========================================================================
-->
