<?xml version='1.0'?>
<!--
This file is part of Volantis Mobility Server. 

Volantis Mobility Server is free software: you can redistribute it and/or modify
it under the terms of the GNU General Public License as published by
the Free Software Foundation, either version 3 of the License, or
(at your option) any later version.

Volantis Mobility Server is distributed in the hope that it will be useful,
but WITHOUT ANY WARRANTY; without even the implied warranty of
MERCHANTABILITY or FITNESS FOR A PARTICULAR PURPOSE.  See the
GNU General Public License for more details.

You should have received a copy of the GNU General Public License
along with Volantis Mobility Server.  If not, see <http://www.gnu.org/licenses/>. 
-->

<!-- ==========================================================================
 ! (c) Volantis Systems Ltd 2003. 
 ! ======================================================================== -->
<root>
    <p>Body Before</p>
    <p>Binding Before</p>
    <p>Outer content</p>
    <p>Binding After</p>
    <p>Body After</p>
</root>

<!--
 ===========================================================================
 Change History
 ===========================================================================
 $Log$

 20-Oct-04	5438/1	philws	VBM:2004082706 Transfer Pipeline source into MCS

 03-Mar-04	582/1	geoff	VBM:2004022507 Template binding cannot access outer parameters

 ===========================================================================
-->
