<?xml version='1.0'?>
<!--
This file is part of Volantis Mobility Server. 

Volantis Mobility Server is free software: you can redistribute it and/or modify
it under the terms of the GNU General Public License as published by
the Free Software Foundation, either version 3 of the License, or
(at your option) any later version.

Volantis Mobility Server is distributed in the hope that it will be useful,
but WITHOUT ANY WARRANTY; without even the implied warranty of
MERCHANTABILITY or FITNESS FOR A PARTICULAR PURPOSE.  See the
GNU General Public License for more details.

You should have received a copy of the GNU General Public License
along with Volantis Mobility Server.  If not, see <http://www.gnu.org/licenses/>. 
-->

<!-- ==========================================================================
 ! (c) Volantis Systems Ltd 2003. 
 ! ======================================================================== -->
<root xmlns:dependency="http://www.volantis.com/test/dependency" xmlns:urid="http://www.volantis.com/xmlns/marlin-uri-driver" xmlns:template="http://www.volantis.com/xmlns/marlin-template" xmlns:pipeline="http://www.volantis.com/xmlns/marlin-pipeline">
    <apply>
        <stale>
            freshness = STALE, revalidate = STALE, cacheable = false, time-to-live = 5000ms
            <freshness>STALE</freshness>
            <cacheability>UNCACHEABLE</cacheability>
            <time-to-live>5000ms</time-to-live>
            <validity>INVALID</validity>

            freshness = STALE, revalidate = STALE, cacheable = false, time-to-live = 5000ms
            <freshness>STALE</freshness>
            <cacheability>UNCACHEABLE</cacheability>
            <time-to-live>5000ms</time-to-live>
            <validity>INVALID</validity>
        </stale>

        <revalidate>
            freshness = REVALIDATE, revalidate = FRESH, cacheable = true, time-to-live = 1000ms
            <freshness>REVALIDATE</freshness>
            <revalidated>FRESH</revalidated>
            <cacheability>CACHEABLE</cacheability>
            <time-to-live>1000ms</time-to-live>
            <validity>VALID</validity>

            freshness = REVALIDATE, revalidate = FRESH, cacheable = true, time-to-live = 1000ms
            <freshness>REVALIDATE</freshness>
            <revalidated>FRESH</revalidated>
            <cacheability>CACHEABLE</cacheability>
            <time-to-live>1000ms</time-to-live>
            <validity>VALID</validity>
        </revalidate>

        <fresh>
            <p/>
            <freshness>FRESH</freshness>
            <cacheability>CACHEABLE</cacheability>
            <time-to-live>indefinitely</time-to-live>
            <validity>VALID</validity>

            <p/>
            <freshness>FRESH</freshness>
            <cacheability>CACHEABLE</cacheability>
            <time-to-live>indefinitely</time-to-live>
            <validity>VALID</validity>
        </fresh>
        <content>
            freshness = REVALIDATE, revalidate = FRESH, cacheable = true, time-to-live = 1000ms
            <p/>
        </content>
    </apply>
    <freshness>REVALIDATE</freshness>
    <revalidated>FRESH</revalidated>
    <cacheability>CACHEABLE</cacheability>
    <time-to-live>1000ms</time-to-live>
    <validity>VALID</validity>
</root>
