<?xml version='1.0'?>
<!--
This file is part of Volantis Mobility Server. 

Volantis Mobility Server is free software: you can redistribute it and/or modify
it under the terms of the GNU General Public License as published by
the Free Software Foundation, either version 3 of the License, or
(at your option) any later version.

Volantis Mobility Server is distributed in the hope that it will be useful,
but WITHOUT ANY WARRANTY; without even the implied warranty of
MERCHANTABILITY or FITNESS FOR A PARTICULAR PURPOSE.Â  See the
GNU General Public License for more details.

You should have received a copy of the GNU General Public License
along with Volantis Mobility Server.Â  If not, see <http://www.gnu.org/licenses/>. 
-->

<!-- ==========================================================================
 ! (c) Volantis Systems Ltd 2003. 
 ! ======================================================================== -->
<root>
    <p>repeated is rep 1</p>
    <p>immediate as attribute is <block param="imm 0"/></p>
    <p>immediate is imm 0</p>
    <p>repeated as attribute is <block param="rep 2"/></p>
    <p>deferred is def 3</p>
    <p>deferred as attribute is <block param="def 3"/></p>
    <p>repeated is rep 4</p>
</root>
<!--
 ===========================================================================
 Change History
 ===========================================================================
 $Log$

 20-Oct-04	5438/1	philws	VBM:2004082706 Transfer Pipeline source into MCS

 10-Jun-03	13/2	philws	VBM:2003030610 Integrate with Template Model Expression facilities

 ===========================================================================
-->
