<!--
This file is part of Volantis Mobility Server. 

Volantis Mobility Server is free software: you can redistribute it and/or modify
it under the terms of the GNU General Public License as published by
the Free Software Foundation, either version 3 of the License, or
(at your option) any later version.

Volantis Mobility Server is distributed in the hope that it will be useful,
but WITHOUT ANY WARRANTY; without even the implied warranty of
MERCHANTABILITY or FITNESS FOR A PARTICULAR PURPOSE.  See the
GNU General Public License for more details.

You should have received a copy of the GNU General Public License
along with Volantis Mobility Server.  If not, see <http://www.gnu.org/licenses/>. 
-->
<root>
    <pets>
        <dog noise="bark"
             tail="yes"
             walkies="true"
             puppy="false"/>
        <cat noise="meewow"
             tail="yes"
             walkies="false"
             kitten="true"/>
    </pets>
</root>
<!--
 ===========================================================================
 Change History
 ===========================================================================
 $Log$

 20-Oct-04	5438/1	philws	VBM:2004082706 Transfer Pipeline source into MCS

 29-Oct-03	435/1	doug	VBM:2003091902 Expressions that evaluate to an empty sequence are represented with null rather than empty string

 ===========================================================================
-->
