<?xml version='1.0'?>
<!--
This file is part of Volantis Mobility Server. 

Volantis Mobility Server is free software: you can redistribute it and/or modify
it under the terms of the GNU General Public License as published by
the Free Software Foundation, either version 3 of the License, or
(at your option) any later version.

Volantis Mobility Server is distributed in the hope that it will be useful,
but WITHOUT ANY WARRANTY; without even the implied warranty of
MERCHANTABILITY or FITNESS FOR A PARTICULAR PURPOSE.  See the
GNU General Public License for more details.

You should have received a copy of the GNU General Public License
along with Volantis Mobility Server.  If not, see <http://www.gnu.org/licenses/>. 
-->

<!-- ==========================================================================
 ! (c) Volantis Systems Ltd 2003. 
 ! ======================================================================== -->
<root>
    <h1>
        My first Pipeline
    </h1>
    <p>
        Phil, Welcome!
    </p>
    <p>
        Fun for all is our recommendation.
    </p>
    <p>Inclusion:</p>
    <table xml:base="com/volantis/xml/pipeline/sax/template/complex_include.xml" xmlns="http://www.w3.org/TR/REC-html-40/loose.xsd" xmlns:urid="http://www.volantis.com/xmlns/marlin-uri-driver">
        <caption>
            My first Pipeline
        </caption>
        <tr>
            <td>Sample</td>
            <td>Complex</td>
        </tr>
        <tr>
            <td colspan="2">Markup for Inclusion</td>
        </tr>
    </table>
    <p>
        Some text between the template <value/>
        elements for the message output.
    </p>
    <p>Inclusion:</p>
    <table xml:base="com/volantis/xml/pipeline/sax/template/complex_include.xml" xmlns="http://www.w3.org/TR/REC-html-40/loose.xsd" xmlns:urid="http://www.volantis.com/xmlns/marlin-uri-driver">
        <caption>
            My first Pipeline
        </caption>
        <tr>
            <td>Sample</td>
            <td>Complex</td>
        </tr>
        <tr>
            <td colspan="2">Markup for Inclusion</td>
        </tr>
    </table>
    <p/>
    <table xml:base="com/volantis/xml/pipeline/sax/template/complex_include.xml" xmlns="http://www.w3.org/TR/REC-html-40/loose.xsd" xmlns:urid="http://www.volantis.com/xmlns/marlin-uri-driver">
        <caption>
            My first Pipeline
        </caption>
        <tr>
            <td>Sample</td>
            <td>Complex</td>
        </tr>
        <tr>
            <td colspan="2">Markup for Inclusion</td>
        </tr>
    </table>
    <p>
        <strong>End</strong>
    </p>
</root>


<!--
 ===========================================================================
 Change History
 ===========================================================================
 $Log$

 20-Oct-04	5438/1	philws	VBM:2004082706 Transfer Pipeline source into MCS

 10-Feb-04	525/1	adrian	VBM:2004011902 fixed bug setting the baseuri on included content within template bindings

 30-Jan-04	531/1	adrian	VBM:2004011905 added context updating and context annotation support to pipeline processes

 11-Aug-03	275/1	doug	VBM:2003073104 Provided default implementation of DynamicProcess interface

 10-Jun-03	13/2	philws	VBM:2003030610 Integrate with Template Model Expression facilities

 ===========================================================================
-->
