<?xml version='1.0'?>
<!--
This file is part of Volantis Mobility Server. 

Volantis Mobility Server is free software: you can redistribute it and/or modify
it under the terms of the GNU General Public License as published by
the Free Software Foundation, either version 3 of the License, or
(at your option) any later version.

Volantis Mobility Server is distributed in the hope that it will be useful,
but WITHOUT ANY WARRANTY; without even the implied warranty of
MERCHANTABILITY or FITNESS FOR A PARTICULAR PURPOSE.  See the
GNU General Public License for more details.

You should have received a copy of the GNU General Public License
along with Volantis Mobility Server.  If not, see <http://www.gnu.org/licenses/>. 
-->

<!-- ==========================================================================
! (c) Volantis Systems Ltd 2003. 
! ======================================================================== -->
<root xmlns:other="http://www.volantis.com/other">
    <html><head><title>A List of HTML Tags.</title></head><body><a HREF="/"><img WIDTH="48" HEIGHT="48" ALT="[CoSy Home Page]" SRC="/inc/backlink-cosy.gif"></img></a><hr></hr><h1>Otmar's List of HTML tags.</h1>This list is intended to help edititing HTML documents. <other:blockquote>Namespace1 Test</other:blockquote><other:blockquote>Namespace2 Test</other:blockquote></body></html>
</root>
<!--
 ===========================================================================
 Change History
 ===========================================================================
 $Log$

 20-Oct-04	5438/1	philws	VBM:2004082706 Transfer Pipeline source into MCS

 12-Aug-03	323/1	byron	VBM:2003080802 Provide ConvertElementCase pipeline process

 ===========================================================================
-->
