<?xml version='1.0'?>
<!--
This file is part of Volantis Mobility Server. 

Volantis Mobility Server is free software: you can redistribute it and/or modify
it under the terms of the GNU General Public License as published by
the Free Software Foundation, either version 3 of the License, or
(at your option) any later version.

Volantis Mobility Server is distributed in the hope that it will be useful,
but WITHOUT ANY WARRANTY; without even the implied warranty of
MERCHANTABILITY or FITNESS FOR A PARTICULAR PURPOSE.  See the
GNU General Public License for more details.

You should have received a copy of the GNU General Public License
along with Volantis Mobility Server.  If not, see <http://www.gnu.org/licenses/>. 
-->

<!-- ==========================================================================
! (c) Volantis Systems Ltd 2003. 
! ======================================================================== -->
<root xmlns:other="http://www.volantis.com/other" xmlns:pipeline="http://www.volantis.com/xmlns/marlin-pipeline">

        <html>
            <head>
                <title>A List of HTML Tags.</title>
            </head>
            <script>
            </script>

            <body onLoad="testframe(window)">


                <a HREF="/">
                    <img WIDTH="48" HEIGHT="48" ALT="[CoSy Home Page]" SRC="/inc/backlink-cosy.gif"/>
                </a>

                <a HREF="/~lendl/">
                    <img WIDTH="48" HEIGHT="48" ALT="[Author]" SRC="/inc/icon-author.gif"/>
                </a>
                <a HREF="http://www.eff.org/blueribbon.html">
                    <img alt="[Blue Ribbon]" WIDTH="48" HEIGHT="48" SRC="/~lendl/pics/ribbon.gif"/>
                </a>
                <hr/>
                <h1>Otmar's List of HTML tags.</h1>

                This list is intended to help edititing HTML documents.
                It is
                <em>not</em> a comprehensive list (HTML, HEADER, TITLE,
                BODY, IMG, ... are missing), but should suffice for basic HTML layout.
                I'm open for suggestions, so please send your comments to me.
                <p/>
                For more complete docs on HTML check out
                <a HREF="http://www.utoronto.ca/webdocs/HTMLdocs/NewHTML/htmlindex.html">Ian Graham's pages</a>,
                <a HREF="http://werbach.com/barebones/">Kevin Werbach's Bare Bones Guide to HTML</a> or

                <a HREF="http://www.cnw.com/~drclue/Formula_One.cgi/HTML/HTML.html">Dr. Clue's searchable guide</a>. Hubert Partl wrote a very nice
                <a HREF="http://www.boku.ac.at:80/htmleinf/">HTML Guide in german</a>.
                <a HREF="http://www.hamline.edu/personal/matjohns">Matt Johnson</a> has collected a
                <a HREF="                                                   http://www.hamline.edu/personal/matjohns/webdev/html/html/">comprehensive list of HTML ressources</a> (
                <a HREF="http://www.hamline.edu/personal/matjohns/webdev/html/">Frame abuse version</a>).
                <a HREF="http://www.ccn.cs.dal.ca/~af380/Profile.html">Norman De Forest</a>
                wrote a
                <a HREF=" http://www.ccn.cs.dal.ca/~af380/html.html">similar, but more verbose page</a> like this.
                As a style guide I recommend

                <a HREF="http://www.cs.cmu.edu/~tilt/cgh/">Eric Tilton's pages</a>.


                <h2>HEADINGS</h2>

                <blockquote>
                    <h1>Header 1 </h1>
                    <h2>Header 2 </h2>
                    <h3>Header 3 </h3>
                    <h4>Header 4 </h4>
                    <h5>Header 5 </h5>
                    <h6>Header 6 </h6>
                </blockquote>
                <h2>SEPARATORS</h2>
                <ul>
                    <li> Paragraph Break:</li>
                    <li> Line Break:</li>
                    <li> Horizontal Rule:</li>
                </ul>

                <h2>LISTS </h2>
                <blockquote>

                    <h3>UNNUMBERED </h3>
                    <pre>
                        UL
                        LI apples
                        LI bananas
                        /UL

                    </pre>
                    <ul>
                        <li>apples</li>
                        <li>bananas</li>
                    </ul>


                    <h3>NUMBERED </h3>
                    <pre>
                        OL<br/>
                        LI<br/> oranges
                        LI<br/> peaches
                        LI<br/> grapes
                        /OL<br/>

                    </pre>
                    <ol>
                        <li/>oranges
                        <li/>peaches
                        <li/>grapes
                    </ol>

                    <h3>DESCRIPTIVE</h3>
                    <pre>
                        DL<br/>
                        DT<br/> THHGTGG
                        DD<br/> &quot;The Hitchhiker's Guide to the Galaxy&quot; was originally a BBC
                        radio series which ....
                        DT<br/> Netrek
                        DD<br/> Netrek is a networked multiuser game. It is not a simple
                        shoot-em-up game, but ....
                        /DL<br/>

                    </pre>
                    <dl>
                        <dt/> THHGTGG
                        <dd/> &quot;The Hitchhiker's Guide to the Galaxy&quot; was originally a BBC
                        radio series which ....
                        <dt/> Netrek
                        <dd/> Netrek is a networked multiuser game. It is not a simple
                        shoot-em-up game, but ....
                    </dl>
                </blockquote>

                <h2>PREFORMATTED TEXT </h2>
                <pre>
                    PRE<br/>
                    #####  ######  #    #   #####
                    #    #        #  #      #
                    #    #####     ##       #
                    #    #         ##       #
                    #    #        #  #      #
                    #    ######  #    #     #
                    /PRE<br/>

                </pre>
                <pre>
                    #####  ######  #    #   #####
                    #    #        #  #      #
                    #    #####     ##       #
                    #    #         ##       #
                    #    #        #  #      #
                    #    ######  #    #     #
                </pre>


                <h2>BLOCK QUOTES </h2>
                <pre>
                    Here is a quote from P. Erdos:
                    BLOCKQUOTE<br/>
                    &quot;A mathematician is a device for turning coffee into theorems.&quot;
                    /BLOCKQUOTE<br/>
                </pre>

                Here is a quote from P. Erdos:
                <blockquote>
                    &quot;A mathematician is a device for turning coffee into theorems.&quot;
                </blockquote>


                <h2>ADDRESS</h2>
                <pre>
                    ADDRESS<br/>
                    Maintained by lendl@cosy.sbg.ac.at
                    /ADDRESS<br/>
                </pre>

                <address>
                    Maintained by lendl@cosy.sbg.ac.at
                </address>


                <h2>CHARACTER HIGHLIGHTING</h2>
                <dl>

                    <dt/>Logical (Preferred)
                    <dd/>
                    <ul>
                        <li/>
                        <em>Emphasized:</em> EM<br/>Emphasized/EM<br/>

                        <li/>
                        <cite>Citations:</cite> CITE<br/>Citations/CITE<br/>
                        <li/>
                        <var>Variable name:</var> VAR<br/>Variable name/VAR<br/>
                        <li/>
                        <strong>Strongly Emphasized:</strong> STRONG<br/>Stronger Emphasized/STRONG<br/>

                        <li/>
                        <code>Source Code:</code> CODE<br/>Source Code/CODE<br/>
                        <li/>
                        <samp>Samples:</samp> SAMP<br/>Samples/SAMP<br/>
                        <li/>
                        <kbd>Keyboard Input:</kbd> KBD<br/>Keyboard Input/KBD<br/>

                        <li/>
                        <dfn>Definitions:</dfn> DFN<br/>Definitions/DFN<br/>
                    </ul>
                    <dt/>Physical (Discouraged)
                    <dd/>
                    <ul>
                        <li/>
                        <i>Italics:</i> I<br/>Italics/I<br/>

                        <li/>
                        <b>Boldface:</b> B<br/>Boldface/B<br/>
                        <li/>
                        <tt>Typewriter:</tt> TT<br/>Typewriter/TT<br/>
                    </ul>
                </dl>


                <h2>SPECIAL CHARACTERS</h2>

                <ul>
                    <li/>
                    <code>LT</code> to generate a
                    <code>lt</code>
                    <li/>
                    <code>GT</code> to generate a
                    <code>gt<br/></code>
                    <li/>
                    <code>AMP</code> to generate a
                    <code>amp</code>
                    <li/>
                    <code>AMP QUOTE</code> to generate a
                    <code>quote</code>

                </ul>
                <a HREF="http://www.uni-passau.de/forwiss/mitarbeiter/freie/ramsch.html">Martin Ramsch</a> has collected a
                <a HREF="http://www.uni-passau.de/%7Eramsch/iso8859-1.html">complete list of all
                    character codes.</a>
                <hr/>

                <a HREF="/people/lendl.html">
                    <address>lendl@cosy.sbg.ac.at</address>
                </a>
                On the Web since 1993, last update: 96/8/10
            </body>
        </html>

</root>
<!--
 ===========================================================================
 Change History
 ===========================================================================
 $Log$

 20-Oct-04	5438/1	philws	VBM:2004082706 Transfer Pipeline source into MCS

 30-Jan-04	531/1	adrian	VBM:2004011905 added context updating and context annotation support to pipeline processes

 12-Aug-03	323/1	byron	VBM:2003080802 Provide ConvertElementCase pipeline process

 ===========================================================================
-->
