<?xml version='1.0'?>
<!--
This file is part of Volantis Mobility Server. 

Volantis Mobility Server is free software: you can redistribute it and/or modify
it under the terms of the GNU General Public License as published by
the Free Software Foundation, either version 3 of the License, or
(at your option) any later version.

Volantis Mobility Server is distributed in the hope that it will be useful,
but WITHOUT ANY WARRANTY; without even the implied warranty of
MERCHANTABILITY or FITNESS FOR A PARTICULAR PURPOSE.  See the
GNU General Public License for more details.

You should have received a copy of the GNU General Public License
along with Volantis Mobility Server.  If not, see <http://www.gnu.org/licenses/>. 
-->

<!-- ==========================================================================
! (c) Volantis Systems Ltd 2003. 
! ======================================================================== -->
<root xmlns:other="http://www.volantis.com/other" xmlns:tuple="http://www.volantis.com/tuple" xmlns:pipeline="http://www.volantis.com/xmlns/marlin-pipeline">
    <p>This is a test of the image URL to URLC conversion</p>
    <img title="Sinclair C5"
        urlc="http://www.beano.com:1930/media/images/39364000/jpg/_39364025_sinclair_c5_203.jpg?tf.source.host=newsimg.bbc.co.uk&amp;tf.source.port=80"/>
    <logo urlc="http://www.beano.com:1930/clipart/images77/Movies/Toy_Story/Buzz_Lightyear/buzz01a.gif?tf.source.host=images.disneysites.com&amp;tf.source.port=80"/>
    <tuple:img title="Preserves the current attribute name"
        class="frosted"
        src="http://www.beano.com:1930/clipart/images77/Movies/Black_Cauldron/Misc/taran-eilonwy01a.gif?tf.source.host=images.disneysites.com&amp;tf.source.port=80"/>
    <img src="http://www.volantis.com/images/PC/animated_customers.gif"/>
    <fake url="http://www.volantis.com/images/PC/p_content_img_our_technology.gif"/>
    <other:logo class="melted" title="Still converted"
        urlc="http://www.beano.com:1930/images/PC/logo_tag.gif?tf.source.host=www.volantis.com&amp;tf.source.port=8080"/>
</root>
<!--
 ===========================================================================
 Change History
 ===========================================================================
 $Log$

 20-Oct-04	5438/1	philws	VBM:2004082706 Transfer Pipeline source into MCS

 30-Jan-04	531/1	adrian	VBM:2004011905 added context updating and context annotation support to pipeline processes

 06-Aug-03	299/1	philws	VBM:2003080504 Pipeline work for the DSB convertImageURLToDMS process

 ===========================================================================
-->
