<?xml version="1.0"?>
<root>
    <fallback/>
</root>