<!--
This file is part of Volantis Mobility Server. 

Volantis Mobility Server is free software: you can redistribute it and/or modify
it under the terms of the GNU General Public License as published by
the Free Software Foundation, either version 3 of the License, or
(at your option) any later version.

Volantis Mobility Server is distributed in the hope that it will be useful,
but WITHOUT ANY WARRANTY; without even the implied warranty of
MERCHANTABILITY or FITNESS FOR A PARTICULAR PURPOSE.  See the
GNU General Public License for more details.

You should have received a copy of the GNU General Public License
along with Volantis Mobility Server.  If not, see <http://www.gnu.org/licenses/>. 
-->
<html>
    <body>
        <h2>My CD Collection</h2>
        <table border="1">
            <tr bgcolor="#9acd32">
                <th align="left">Title</th>
                <th align="left">Artist</th>
            </tr>
            <tr>
                <td>Empire Burlesque</td>
                <td>Bob Dylan</td>
            </tr>
            <tr>
                <td>Hide your heart</td>
                <td>Bonnie Tyler</td>
            </tr>
            <tr>
                <td>Greatest Hits</td>
                <td>Dolly Parton</td>
            </tr>
            <tr>
                <td>Still got the blues</td>
                <td>Gary Moore</td>
            </tr>
            <tr>
                <td>Eros</td>
                <td>Eros Ramazzotti</td>
            </tr>
            <tr>
                <td>One night only</td>
                <td>Bee Gees</td>
            </tr>
            <tr>
                <td>Sylvias Mother</td>
                <td>Dr.Hook</td>
            </tr>
            <tr>
                <td>Maggie May</td>
                <td>Rod Stewart</td>
            </tr>
            <tr>
                <td>Romanza</td>
                <td>Andrea Bocelli</td>
            </tr>
            <tr>
                <td>When a man loves a woman</td>
                <td>Percy Sledge</td>
            </tr>
            <tr>
                <td>Black angel</td>
                <td>Savage Rose</td>
            </tr>
            <tr>
                <td>1999 Grammy Nominees</td>
                <td>Many</td>
            </tr>
            <tr>
                <td>For the good times</td>
                <td>Kenny Rogers</td>
            </tr>
            <tr>
                <td>Big Willie style</td>
                <td>Will Smith</td>
            </tr>
            <tr>
                <td>Tupelo Honey</td>
                <td>Van Morrison</td>
            </tr>
            <tr>
                <td>Soulsville</td>
                <td>Jorn Hoel</td>
            </tr>
            <tr>
                <td>The very best of</td>
                <td>Cat Stevens</td>
            </tr>
            <tr>
                <td>Stop</td>
                <td>Sam Brown</td>
            </tr>
            <tr>
                <td>Bridge of Spies</td>
                <td>T`Pau</td>
            </tr>
            <tr>
                <td>Private Dancer</td>
                <td>Tina Turner</td>
            </tr>
            <tr>
                <td>Midt om natten</td>
                <td>Kim Larsen</td>
            </tr>
            <tr>
                <td>Pavarotti Gala Concert</td>
                <td>Luciano Pavarotti</td>
            </tr>
            <tr>
                <td>The dock of the bay</td>
                <td>Otis Redding</td>
            </tr>
            <tr>
                <td>Picture book</td>
                <td>Simply Red</td>
            </tr>
            <tr>
                <td>Red</td>
                <td>The Communards</td>
            </tr>
            <tr>
                <td>Unchain my heart</td>
                <td>Joe Cocker</td>
            </tr>
        </table>
    </body>
</html> 

<!--
 ===========================================================================
 Change History
 ===========================================================================
 $Log$

 20-Oct-04	5438/1	philws	VBM:2004082706 Transfer Pipeline source into MCS

 ===========================================================================
-->
