<?xml version="1.0"?>
<root>
    <showme/>
</root>