<?xml version="1.0"?>
<root>
    <Q/>
    <R/>
</root>